// Jest Snapshot v1, https://goo.gl/fbAQLP

exports[`test batch multipart parse & format should parse multipart 1`] = `
{
  "d": {
    "results": [
      {
        "ObjectID": "00163E20C9511ED7B6C53C069E784637",
        "__metadata": {
          "etag": "W/"datetimeoffset'2018-01-16T03%3A02%3A26.5744460Z'"",
          "type": "cust.ServiceRequest",
          "uri": "https://xxxxxx.odata.public.server.cn/sap/c4c/odata/cust/v1/servicemobileapp/ServiceRequestCollection('00163E20C9511ED7B6C53C069E784637')",
        },
      },
    ],
  },
}
`;
